main.c:126:6:SARA_Init	8	static
main.c:149:6:nemeus_Power_Cycle	8	static
main.c:176:6:SARA_Get_Measurement	16	static
main.c:183:6:SARA_ChangeTech	32	static
main.c:218:6:SARA_CheckTech	8	static
main.c:225:6:getResultParameterURAT	24	static
main.c:245:6:getResultParameterCESQ	32	static
main.c:267:6:getCSQResult	24	static
main.c:277:6:getGPSCoordinates	8	static
main.c:293:6:prepareSaraMeasurement	16	static
main.c:315:6:NEMEUS_Extract_Lora_Measurements	24	static
main.c:329:6:NEMEUS_Prepare_Lora_Measurements	8	static
main.c:354:6:NEMEUS_Prepare_Sigfox_Measurements	8	static
main.c:371:5:main	56	static
main.c:455:6:SystemClock_Config	72	static
main.c:491:13:MX_USART1_UART_Init	8	static
main.c:524:13:MX_USART2_UART_Init	8	static
main.c:557:13:MX_USART3_UART_Init	8	static
main.c:590:13:MX_GPIO_Init	40	static
main.c:623:6:sendToESP	16	static
main.c:638:6:StartDefaultTask	336	static
main.c:820:6:HAL_TIM_PeriodElapsedCallback	16	static
main.c:837:6:Error_Handler	4	static,ignoring_inline_asm
