main.c:128:6:SARA_Init	8	static
main.c:151:6:nemeus_Power_Cycle	8	static
main.c:178:6:SARA_Get_Measurement	16	static
main.c:184:6:SARA_ChangeTech	40	static
main.c:239:6:SARA_CheckTech	8	static
main.c:246:6:getResultParameterURAT	32	static
main.c:264:6:getResultParameterCESQ	32	static
main.c:284:6:getCSQResult	24	static
main.c:294:6:getGPSCoordinates	8	static
main.c:310:6:prepareSaraMeasurement	16	static
main.c:332:6:NEMEUS_Extract_Lora_Measurements	24	static
main.c:343:6:NEMEUS_Prepare_Lora_Measurements	8	static
main.c:352:6:NEMEUS_Prepare_Sigfox_Measurements	8	static
main.c:366:5:main	56	static
main.c:450:6:SystemClock_Config	72	static
main.c:486:13:MX_USART1_UART_Init	8	static
main.c:519:13:MX_USART2_UART_Init	8	static
main.c:552:13:MX_USART3_UART_Init	8	static
main.c:585:13:MX_GPIO_Init	40	static
main.c:618:6:sendToESP	16	static
main.c:624:6:collectAndTransmitSARAMeasurement	8	static
main.c:646:6:StartDefaultTask	216	static
main.c:728:6:HAL_TIM_PeriodElapsedCallback	16	static
main.c:745:6:Error_Handler	4	static,ignoring_inline_asm
